15-Jun-2026 18:37:12.132 INFO [main] org.apache.catalina.startup.VersionLoggerListener.log Server version name:   Apache Tomcat/9.0.118
15-Jun-2026 18:37:12.140 INFO [main] org.apache.catalina.startup.VersionLoggerListener.log Server built:          May 1 2026 19:30:30 UTC
15-Jun-2026 18:37:12.141 INFO [main] org.apache.catalina.startup.VersionLoggerListener.log Server version number: 9.0.118.0
15-Jun-2026 18:37:12.142 INFO [main] org.apache.catalina.startup.VersionLoggerListener.log OS Name:               Linux
15-Jun-2026 18:37:12.142 INFO [main] org.apache.catalina.startup.VersionLoggerListener.log OS Version:            7.0.0-1006-aws
15-Jun-2026 18:37:12.142 INFO [main] org.apache.catalina.startup.VersionLoggerListener.log Architecture:          amd64
15-Jun-2026 18:37:12.142 INFO [main] org.apache.catalina.startup.VersionLoggerListener.log Java Home:             /usr/lib/jvm/java-21-openjdk-amd64
15-Jun-2026 18:37:12.142 INFO [main] org.apache.catalina.startup.VersionLoggerListener.log JVM Version:           21.0.11+10-1-26.04.2-Ubuntu
15-Jun-2026 18:37:12.142 INFO [main] org.apache.catalina.startup.VersionLoggerListener.log JVM Vendor:            Ubuntu
15-Jun-2026 18:37:12.142 INFO [main] org.apache.catalina.startup.VersionLoggerListener.log CATALINA_BASE:         /home/devops/cicdakshat/apache-tomcat-9.0.118
15-Jun-2026 18:37:12.143 INFO [main] org.apache.catalina.startup.VersionLoggerListener.log CATALINA_HOME:         /home/devops/cicdakshat/apache-tomcat-9.0.118
15-Jun-2026 18:37:12.153 INFO [main] org.apache.catalina.startup.VersionLoggerListener.log Command line argument: --add-opens=java.base/java.lang=ALL-UNNAMED
15-Jun-2026 18:37:12.153 INFO [main] org.apache.catalina.startup.VersionLoggerListener.log Command line argument: --add-opens=java.base/java.lang.invoke=ALL-UNNAMED
15-Jun-2026 18:37:12.153 INFO [main] org.apache.catalina.startup.VersionLoggerListener.log Command line argument: --add-opens=java.base/java.lang.reflect=ALL-UNNAMED
15-Jun-2026 18:37:12.153 INFO [main] org.apache.catalina.startup.VersionLoggerListener.log Command line argument: --add-opens=java.base/java.io=ALL-UNNAMED
15-Jun-2026 18:37:12.153 INFO [main] org.apache.catalina.startup.VersionLoggerListener.log Command line argument: --add-opens=java.base/java.util=ALL-UNNAMED
15-Jun-2026 18:37:12.153 INFO [main] org.apache.catalina.startup.VersionLoggerListener.log Command line argument: --add-opens=java.base/java.util.concurrent=ALL-UNNAMED
15-Jun-2026 18:37:12.154 INFO [main] org.apache.catalina.startup.VersionLoggerListener.log Command line argument: --add-opens=java.rmi/sun.rmi.transport=ALL-UNNAMED
15-Jun-2026 18:37:12.154 INFO [main] org.apache.catalina.startup.VersionLoggerListener.log Command line argument: -Djava.util.logging.config.file=/home/devops/cicdakshat/apache-tomcat-9.0.118/conf/logging.properties
15-Jun-2026 18:37:12.154 INFO [main] org.apache.catalina.startup.VersionLoggerListener.log Command line argument: -Djava.util.logging.manager=org.apache.juli.ClassLoaderLogManager
15-Jun-2026 18:37:12.154 INFO [main] org.apache.catalina.startup.VersionLoggerListener.log Command line argument: -Djdk.tls.ephemeralDHKeySize=2048
15-Jun-2026 18:37:12.154 INFO [main] org.apache.catalina.startup.VersionLoggerListener.log Command line argument: -Djava.protocol.handler.pkgs=org.apache.catalina.webresources
15-Jun-2026 18:37:12.154 INFO [main] org.apache.catalina.startup.VersionLoggerListener.log Command line argument: -Dsun.io.useCanonCaches=false
15-Jun-2026 18:37:12.156 INFO [main] org.apache.catalina.startup.VersionLoggerListener.log Command line argument: -Dorg.apache.catalina.security.SecurityListener.UMASK=0027
15-Jun-2026 18:37:12.156 INFO [main] org.apache.catalina.startup.VersionLoggerListener.log Command line argument: -Dignore.endorsed.dirs=
15-Jun-2026 18:37:12.156 INFO [main] org.apache.catalina.startup.VersionLoggerListener.log Command line argument: -Dcatalina.base=/home/devops/cicdakshat/apache-tomcat-9.0.118
15-Jun-2026 18:37:12.156 INFO [main] org.apache.catalina.startup.VersionLoggerListener.log Command line argument: -Dcatalina.home=/home/devops/cicdakshat/apache-tomcat-9.0.118
15-Jun-2026 18:37:12.157 INFO [main] org.apache.catalina.startup.VersionLoggerListener.log Command line argument: -Djava.io.tmpdir=/home/devops/cicdakshat/apache-tomcat-9.0.118/temp
15-Jun-2026 18:37:12.160 INFO [main] org.apache.catalina.core.AprLifecycleListener.lifecycleEvent The Apache Tomcat Native library which allows using OpenSSL was not found on the java.library.path: [/usr/java/packages/lib:/usr/lib/x86_64-linux-gnu/jni:/lib/x86_64-linux-gnu:/usr/lib/x86_64-linux-gnu:/usr/lib/jni:/lib:/usr/lib]
15-Jun-2026 18:37:12.752 INFO [main] org.apache.coyote.AbstractProtocol.init Initializing ProtocolHandler ["http-nio-9090"]
15-Jun-2026 18:37:12.781 INFO [main] org.apache.catalina.startup.Catalina.load Server initialization in [958] milliseconds
15-Jun-2026 18:37:12.848 INFO [main] org.apache.catalina.core.StandardService.startInternal Starting service [Catalina]
15-Jun-2026 18:37:12.848 INFO [main] org.apache.catalina.core.StandardEngine.startInternal Starting Servlet engine: [Apache Tomcat/9.0.118]
15-Jun-2026 18:37:12.862 INFO [main] org.apache.catalina.startup.HostConfig.deployDirectory Deploying web application directory [/home/devops/cicdakshat/apache-tomcat-9.0.118/webapps/examples]
15-Jun-2026 18:37:13.702 INFO [main] org.apache.catalina.startup.HostConfig.deployDirectory Deployment of web application directory [/home/devops/cicdakshat/apache-tomcat-9.0.118/webapps/examples] has finished in [840] ms
15-Jun-2026 18:37:13.703 INFO [main] org.apache.catalina.startup.HostConfig.deployDirectory Deploying web application directory [/home/devops/cicdakshat/apache-tomcat-9.0.118/webapps/docs]
15-Jun-2026 18:37:13.732 INFO [main] org.apache.catalina.startup.HostConfig.deployDirectory Deployment of web application directory [/home/devops/cicdakshat/apache-tomcat-9.0.118/webapps/docs] has finished in [29] ms
15-Jun-2026 18:37:13.733 INFO [main] org.apache.catalina.startup.HostConfig.deployDirectory Deploying web application directory [/home/devops/cicdakshat/apache-tomcat-9.0.118/webapps/manager]
15-Jun-2026 18:37:13.765 INFO [main] org.apache.catalina.startup.HostConfig.deployDirectory Deployment of web application directory [/home/devops/cicdakshat/apache-tomcat-9.0.118/webapps/manager] has finished in [32] ms
15-Jun-2026 18:37:13.765 INFO [main] org.apache.catalina.startup.HostConfig.deployDirectory Deploying web application directory [/home/devops/cicdakshat/apache-tomcat-9.0.118/webapps/ROOT]
15-Jun-2026 18:37:13.786 INFO [main] org.apache.catalina.startup.HostConfig.deployDirectory Deployment of web application directory [/home/devops/cicdakshat/apache-tomcat-9.0.118/webapps/ROOT] has finished in [21] ms
15-Jun-2026 18:37:13.787 INFO [main] org.apache.catalina.startup.HostConfig.deployDirectory Deploying web application directory [/home/devops/cicdakshat/apache-tomcat-9.0.118/webapps/host-manager]
15-Jun-2026 18:37:13.813 INFO [main] org.apache.catalina.startup.HostConfig.deployDirectory Deployment of web application directory [/home/devops/cicdakshat/apache-tomcat-9.0.118/webapps/host-manager] has finished in [26] ms
15-Jun-2026 18:37:13.818 INFO [main] org.apache.coyote.AbstractProtocol.start Starting ProtocolHandler ["http-nio-9090"]
15-Jun-2026 18:37:13.835 INFO [main] org.apache.catalina.startup.Catalina.start Server startup in [1050] milliseconds
15-Jun-2026 19:25:54.126 INFO [Catalina-utility-2] org.apache.catalina.startup.HostConfig.deployWAR Deploying web application archive [/home/devops/cicdakshat/apache-tomcat-9.0.118/webapps/addressbook.war]
15-Jun-2026 19:25:55.735 INFO [Catalina-utility-2] org.apache.catalina.startup.HostConfig.deployWAR Deployment of web application archive [/home/devops/cicdakshat/apache-tomcat-9.0.118/webapps/addressbook.war] has finished in [1,609] ms
15-Jun-2026 19:43:55.835 INFO [Catalina-utility-2] org.apache.catalina.startup.HostConfig.undeploy Undeploying context [/addressbook]
15-Jun-2026 19:43:55.860 INFO [Catalina-utility-2] org.apache.catalina.startup.HostConfig.deployWAR Deploying web application archive [/home/devops/cicdakshat/apache-tomcat-9.0.118/webapps/addressbook.war]
15-Jun-2026 19:43:57.099 INFO [Catalina-utility-2] org.apache.catalina.startup.HostConfig.deployWAR Deployment of web application archive [/home/devops/cicdakshat/apache-tomcat-9.0.118/webapps/addressbook.war] has finished in [1,239] ms
